// Jest Snapshot v1, https://goo.gl/fbAQLP

exports[`<Dropdown /> snapshot: renders default state 1`] = `
<DocumentFragment>
  <select
    data-testid="dropdown"
  >
    <option>
      - Select an option -
    </option>
    <option
      value="name"
    >
      Name
    </option>
    <option
      value="first_brewed"
    >
      Date first brewed
    </option>
    <option
      value="abv"
    >
      ABV
    </option>
    <option
      value="ibu"
    >
      IBU
    </option>
  </select>
</DocumentFragment>
`;
